// Jest Snapshot v1, https://goo.gl/fbAQLP

exports[`Components/Contact Test suite Snapshot verification test for Contact Component 1`] = `
<section
  className="p-4"
>
  <h3>
    Contact
  </h3>
  <ul>
    <li>
      Mobile: 508-615-5736
    </li>
    <li>
      <a
        href="mailto:rahulkulkarni0510@gmail.com"
      >
        Contact via Email
      </a>
    </li>
    <li>
      LinkedIn: @rahul-kulkarni105
      <a
        href="https://www.linkedin.com/in/rahul-kulkarni105/"
        rel="noopener noreferrer"
        target="_blank"
      >
        LinkedIn Profile
      </a>
    </li>
    <li>
      GitHub: rahul-kulkarni105
      <a
        href="https://github.com/rahul-kulkarni105"
        rel="noopener noreferrer"
        target="_blank"
      >
        Github Profile
      </a>
    </li>
  </ul>
</section>
`;
