// Jest Snapshot v1, https://goo.gl/fbAQLP

exports[`Components/Landing Test suite Snapshot verification test for Landing Component 1`] = `
<div
  className="p-4"
>
  <p>
    Howdy! Welcome to my Portfolio. My name is Rahul Kulkarni and i am a Javascript Engineer
  </p>
  <p>
    This Portfolio is work in progress. :) 
  </p>
</div>
`;
